gurubaran@gurubaran:~$ ssh keygen
ssh: Could not resolve hostname keygen: Name or service not known
gurubaran@gurubaran:~$ ssh -keygen -b 4096
Bad escape character 'ygen'.
gurubaran@gurubaran:~$ ssh-keygen -b 4096
Generating public/private rsa key pair.
Enter file in which to save the key (/home/gurubaran/.ssh/id_rsa): 
Created directory '/home/gurubaran/.ssh'.
Enter passphrase (empty for no passphrase): 
Enter same passphrase again: 
Your identification has been saved in /home/gurubaran/.ssh/id_rsa.
Your public key has been saved in /home/gurubaran/.ssh/id_rsa.pub.
The key fingerprint is:
SHA256:fN7qmsQX/zlrM56fTCQgQkbphzLBRXH2GsPmVnrAJwI gurubaran@gurubaran
The key's randomart image is:
+---[RSA 4096]----+
|    .E+Boo       |
|     o+.= .      |
|      oo.X =     |
|     o +=.@ .    |
|      o S=o. . . |
|       ..o.+  o  |
|        o o o  . |
|       . o . .Bo.|
|        ooo  o*O.|
+----[SHA256]-----+
gurubaran@gurubaran:~$ cd haanji
gurubaran@gurubaran:~/haanji$ blt
BLT 8.9.11

Usage:
  command [options] [arguments]

Options:
  -h, --help            Display this help message
  -q, --quiet           Do not output any message
  -V, --version         Display this application version
      --ansi            Force ANSI output
      --no-ansi         Disable ANSI output
  -n, --no-interaction  Do not ask any interactive question
  -y, --yes             Answer all confirmations with "yes"
  -D, --define=DEFINE   Define a configuration item value. (multiple values allowed)
  -v|vv|vvv, --verbose  Increase the verbosity of messages: 1 for normal output, 2 for more verbose output and 3 for debug

Available commands:
  cleanup                            Removes deprecated BLT files and directories.
  deploy                             Builds separate artifact and pushes to git.remotes defined project.yml.
  doctor                             Inspects your local blt configuration for possible issues.
  frontend                           Runs all frontend targets.
  help                               Displays help for a command
  install-alias                      Installs the BLT alias for command line usage.
  list                               Lists commands
  setup                              [setup:all] Install dependencies, builds docroot, installs Drupal.
  sync                               Synchronize local env from remote (remote --> local).
  tests                              [tests:all] Runs all tests, including Behat, PHPUnit, and security updates check.
  update                             Updates files from BLT's template and executes scripted updates.
  validate                           [validate:all] Runs all code validation commands.
  vm                                 [vm:all] Configures and boots a Drupal VM.
 acsf
  acsf:init                          Initializes ACSF support for project.
  acsf:init:drush                    Refreshes the ACSF settings and hook files.
 ci
  ci:gitlab:init                     Initializes default GitLab Pipelines configuration for this project.
  ci:pipelines:init                  Initializes default Acquia Pipelines configuration for this project.
  ci:probo:init                      Initializes default Probo CI configuration for this project.
  ci:travis:init                     Initializes default Travis CI configuration for this project.
 composer
  composer:require                   Requires a composer package.
 config
  config:dump                        Dumps all configuration values.
  config:get                         Gets the value of a config variable.
 custom
  custom:hello                       This is an example command.
 deploy
  deploy:build                       Builds deployment artifact.
  deploy:drupal:install              Installs Drupal, imports config, and executes updates.
  deploy:update                      Update the database to reflect the state of the Drupal file system.
 examples
  examples:init                      Generates example files for writing custom commands and hooks.
 fix
  fix:phpcbf                         Fixes and beautifies custom code according to Drupal Coding standards.
 frontend
  frontend:build                     Executes frontend-build target hook.
  frontend:setup                     Executes frontend-setup target hook.
  frontend:test                      Executes frontend-test target hook.
 git
  git:commit-msg                     Validates a git commit message.
  git:pre-commit                     Validates staged files.
 internal
  internal:add-to-project            (internal) Prepares a repo that is adding BLT for the first time.
  internal:create-project            (internal) Generates all necessary files for a brand new BLTed repo.
  internal:create-project:init-repo  (internal) Initializes the project repo and performs initial commit.
  internal:drupal:install            Installs Drupal and imports configuration.
 setup
  setup:behat                        Generates tests/behat/local.yml file for executing Behat tests locally.
  setup:build                        Generates all required files for a full build.
  setup:cloud-hooks                  Installs Acquia cloud hooks.
  setup:composer:install             Installs Composer dependencies.
  setup:config-import                Imports configuration from the config directory according to cm.strategy.
  setup:drupal:install               Installs Drupal and sets correct file/directory permissions.
  setup:git-hooks                    Installs BLT git hooks to local .git/hooks directory.
  setup:hash-salt                    Writes a hash salt to ${repo.root}/salt.txt if one does not exist.
  setup:import                       Imports a .sql file into the Drupal database.
  setup:settings                     Generates default settings files for Drupal and drush.
  setup:toggle-modules               Enables and uninstalls specified modules.
  setup:update                       Update current database to reflect the state of the Drupal file system.
 simplesamlphp
  simplesamlphp:build:config         Copies customized config files into vendored SimpleSamlPHP.
  simplesamlphp:deploy:config        Copies custom config files to SimpleSamlPHP in deploy artifact.
  simplesamlphp:init                 Initializes SimpleSAMLphp for project.
 sync
  sync:db                            Copies remote db to local db for default site.
  sync:db:all                        Iteratively copies remote db to local db for each multisite.
  sync:files                         Copies remote files to local machine.
  sync:refresh                       Executes composer install, runs frontend command, copies remote db to local db, re-imports config, and executes db updates.
  sync:refresh:all                   Copies remote db to local db, re-imports config, and executes db updates for each multisite.
 tests
  tests:behat                        Executes all behat tests. This optionally launch PhantomJS or Selenium prior to execution.
  tests:behat:definitions            Lists available Behat step definitions.
  tests:configure-phantomjs          Ensures that the PhantomJS binary is present.
  tests:phpunit                      Executes all PHPUnit tests.
  tests:security-updates             Check local Drupal installation for security updates.
 validate
  validate:composer                  Validates root composer.json and composer.lock files.
  validate:lint                      Runs a PHP Lint against all validate.lint.filesets files.
  validate:phpcs                     Executes PHP Code Sniffer against all phpcs.filesets files.
  validate:phpcs:files               Executes PHP Code Sniffer against a list of files, if in phpcs.filesets.
  validate:twig                      Executes Twig validator against all validate.twig.filesets files.
  validate:twig:files                Executes Twig validator against a list of files, if in twig.filesets.
  validate:yaml                      Executes YAML validator against all validate.yaml.filesets files.
  validate:yaml:files                Executes YAML validator against files, if in validate.yaml.filesets.
 vm
  vm:config                          Generates default configuration for Drupal VM.
gurubaran@gurubaran:~/haanji$ blt deploy -Ddeploy.commitMsg='BLT-000: Haanji Deployment test' -Ddeploy.branch='master-build'
[error]  There are uncommitted changes, commit or stash these changes before deploying. 
gurubaran@gurubaran:~/haanji$ git commit -m "hmmm haanji"

*** Please tell me who you are.

Run

  git config --global user.email "you@example.com"
  git config --global user.name "Your Name"

to set your account's default identity.
Omit --global to set the identity only in this repository.

fatal: unable to auto-detect email address (got 'gurubaran@gurubaran.(none)')
gurubaran@gurubaran:~/haanji$ git config --global user.email "emm.cit@gmailcom"
gurubaran@gurubaran:~/haanji$ git config --global user.name "mareaswa"
gurubaran@gurubaran:~/haanji$ git commit -m "hmmm haanji"
Executing .git/hooks/pre-commit...
> validate:phpcs
[ExecStack] /home/gurubaran/haanji/vendor/bin/phpcs
[ExecStack] Running /home/gurubaran/haanji/vendor/bin/phpcs in /home/gurubaran/haanji
........

Time: 630ms; Memory: 6Mb

[ExecStack] Done in 0.853s
> validate:twig:files
Linting twig files...
> validate:yaml:files
Linting YAML files...
Your local code has passed git pre-commit validation.
Executing .git/hooks/commit-msg...
Validating commit message syntax...
[error]  Invalid commit message! 
Commit messages must:
* Contain the project prefix followed by a hyphen
* Contain a ticket number followed by a colon and a space
* Be at least 15 characters long and end with a period.
Valid example: BLT-135: Added the new picture field to the article feature.
gurubaran@gurubaran:~/haanji$ git commit -m "Haanji-000: Setting up haanji on Acquia Cloud."
Executing .git/hooks/pre-commit...
> validate:phpcs
[ExecStack] /home/gurubaran/haanji/vendor/bin/phpcs
[ExecStack] Running /home/gurubaran/haanji/vendor/bin/phpcs in /home/gurubaran/haanji
........

Time: 180ms; Memory: 6Mb

[ExecStack] Done in 0.315s
> validate:twig:files
Linting twig files...
> validate:yaml:files
Linting YAML files...
Your local code has passed git pre-commit validation.
Executing .git/hooks/commit-msg...
Validating commit message syntax...
[error]  Invalid commit message! 
Commit messages must:
* Contain the project prefix followed by a hyphen
* Contain a ticket number followed by a colon and a space
* Be at least 15 characters long and end with a period.
Valid example: BLT-135: Added the new picture field to the article feature.
gurubaran@gurubaran:~/haanji$ git commit -m "BLT-000: Setting up haanji on Acquia Cloud."
Executing .git/hooks/pre-commit...
> validate:phpcs
[ExecStack] /home/gurubaran/haanji/vendor/bin/phpcs
[ExecStack] Running /home/gurubaran/haanji/vendor/bin/phpcs in /home/gurubaran/haanji
........

Time: 185ms; Memory: 6Mb

[ExecStack] Done in 0.321s
> validate:twig:files
Linting twig files...
> validate:yaml:files
Linting YAML files...
Your local code has passed git pre-commit validation.
Executing .git/hooks/commit-msg...
Validating commit message syntax...
[master (root-commit) ba21452] BLT-000: Setting up haanji on Acquia Cloud.
 57 files changed, 14858 insertions(+)
 create mode 100644 .editorconfig
 create mode 100644 .gitattributes
 create mode 100644 .gitignore
 create mode 100644 README.md
 create mode 100644 blt/.schema_version
 create mode 100644 blt/ci.yml
 create mode 100644 blt/deploy-exclude-additions.txt
 create mode 100644 blt/example.project.local.yml
 create mode 100644 blt/project.yml
 create mode 100644 blt/src/Commands/ExampleCommand.php
 create mode 100644 blt/src/Filesets.php
 create mode 100644 blt/src/Hooks/ExampleHook.php
 create mode 100644 composer.json
 create mode 100644 composer.lock
 create mode 100644 config/ci/README.md
 create mode 100644 config/default/README.md
 create mode 100644 docroot/.csslintrc
 create mode 100644 docroot/.editorconfig
 create mode 100644 docroot/.eslintignore
 create mode 100644 docroot/.eslintrc.json
 create mode 100644 docroot/.gitattributes
 create mode 100644 docroot/.htaccess
 create mode 100644 docroot/autoload.php
 create mode 100644 docroot/index.php
 create mode 100644 docroot/modules/.gitkeep
 create mode 100644 docroot/modules/custom/README.md
 create mode 100644 docroot/profiles/.gitkeep
 create mode 100644 docroot/profiles/custom/README.md
 create mode 100644 docroot/robots.txt
 create mode 100644 docroot/sites/blt.development.services.yml
 create mode 100644 docroot/sites/default/default.services.yml
 create mode 100644 docroot/sites/default/default.settings.php
 create mode 100644 docroot/sites/default/services.yml
 create mode 100644 docroot/sites/default/settings.php
 create mode 100644 docroot/sites/development.services.yml
 create mode 100644 docroot/sites/example.settings.local.php
 create mode 100644 docroot/sites/example.sites.php
 create mode 100644 docroot/themes/.gitkeep
 create mode 100644 docroot/themes/custom/README.md
 create mode 100644 docroot/update.php
 create mode 100644 docroot/web.config
 create mode 100644 drush/README.md
 create mode 100644 drush/drushrc.php
 create mode 100644 drush/site-aliases/aliases.drushrc.php
 create mode 100644 drush/site-aliases/example.acsf.aliases.drushrc.php
 create mode 100644 drush/site-aliases/example.local.aliases.drushrc.php
 create mode 100644 patches/README.md
 create mode 100644 phpcs.xml.dist
 create mode 100644 tests/README.md
 create mode 100644 tests/behat/.gitignore
 create mode 100644 tests/behat/behat.yml
 create mode 100644 tests/behat/example.local.yml
 create mode 100644 tests/behat/features/Examples.feature
 create mode 100644 tests/behat/features/bootstrap/Drupal/FeatureContext.php
 create mode 100644 tests/behat/media/readme.md
 create mode 100644 tests/phpunit/ExampleTest.php
 create mode 100644 tests/phpunit/phpunit.xml
gurubaran@gurubaran:~/haanji$ blt deploy -Ddeploy.commitMsg='BLT-000: Haanji Deployment test.' -Ddeploy.branch='master-build'
[error]  There are uncommitted changes, commit or stash these changes before deploying. 
gurubaran@gurubaran:~/haanji$ git branch develop && git add -A && git commit -m "First blt commit."
Executing .git/hooks/pre-commit...
> validate:phpcs
[ExecStack] /home/gurubaran/haanji/vendor/bin/phpcs
[ExecStack] Running /home/gurubaran/haanji/vendor/bin/phpcs in /home/gurubaran/haanji
........

Time: 187ms; Memory: 6Mb

[ExecStack] Done in 0.322s
> validate:twig:files
Linting twig files...
> validate:yaml:files
Linting YAML files...
Your local code has passed git pre-commit validation.
Executing .git/hooks/commit-msg...
Validating commit message syntax...
[error]  Invalid commit message! 
Commit messages must:
* Contain the project prefix followed by a hyphen
* Contain a ticket number followed by a colon and a space
* Be at least 15 characters long and end with a period.
Valid example: BLT-135: Added the new picture field to the article feature.
gurubaran@gurubaran:~/haanji$ git branch develop && git add -A && git commit -m "BLT-000: First blt commit."
fatal: A branch named 'develop' already exists.
gurubaran@gurubaran:~/haanji$ git branch develop1 && git add -A && git commit -m "BLT-000: First blt commit."
Executing .git/hooks/pre-commit...
> validate:phpcs
[ExecStack] /home/gurubaran/haanji/vendor/bin/phpcs
[ExecStack] Running /home/gurubaran/haanji/vendor/bin/phpcs in /home/gurubaran/haanji
........

Time: 184ms; Memory: 6Mb

[ExecStack] Done in 0.327s
> validate:twig:files
Linting twig files...
> validate:yaml:files
Linting YAML files...
Your local code has passed git pre-commit validation.
Executing .git/hooks/commit-msg...
Validating commit message syntax...
[master 3244fd2] BLT-000: First blt commit.
 7 files changed, 177 insertions(+), 2 deletions(-)
 create mode 100644 config/default/.htaccess
 create mode 100755 docroot/phpinfo.php
 create mode 100644 docroot/sites/default/default.local.drushrc.php
 create mode 100644 docroot/sites/default/settings/default.local.settings.php
 create mode 100644 salt.txt
gurubaran@gurubaran:~/haanji$ git remote add origin haanji@svn-4140.devcloud.hosting.acquia.com:haanji.git
gurubaran@gurubaran:~/haanji$ git push -u origin master
The authenticity of host 'svn-4140.devcloud.hosting.acquia.com (184.72.242.11)' can't be established.
RSA key fingerprint is SHA256:K06h1/Po8zJ6qtaOVOVK94EuO5ELcFBmVz37XDyFwRo.
Are you sure you want to continue connecting (yes/no)? yes
Warning: Permanently added 'svn-4140.devcloud.hosting.acquia.com,184.72.242.11' (RSA) to the list of known hosts.
Permission denied (publickey).
fatal: Could not read from remote repository.

Please make sure you have the correct access rights
and the repository exists.
gurubaran@gurubaran:~/haanji$ git status
On branch master
nothing to commit, working tree clean
gurubaran@gurubaran:~/haanji$ git branch -a
  develop
  develop1
* master
gurubaran@gurubaran:~/haanji$ git push -u origin master
Permission denied (publickey).
fatal: Could not read from remote repository.

Please make sure you have the correct access rights
and the repository exists.
gurubaran@gurubaran:~/haanji$ chmod 400 /home/gurubaran/.ssh
gurubaran@gurubaran:~/haanji$ GIT_SSH_COMMAND "ssh -i /home/gurubaran/.ssh" git push -u origin master
GIT_SSH_COMMAND: command not found
gurubaran@gurubaran:~/haanji$ ssh-agent bash -c "ssh-add /home/gurubaran/.ssh; git push -u origin master" 
Error loading key "/home/gurubaran/.ssh": Is a directory
The authenticity of host 'svn-4140.devcloud.hosting.acquia.com (184.72.242.11)' can't be established.
RSA key fingerprint is SHA256:K06h1/Po8zJ6qtaOVOVK94EuO5ELcFBmVz37XDyFwRo.
Are you sure you want to continue connecting (yes/no)? y
Please type 'yes' or 'no': yes
Failed to add the host to the list of known hosts (/home/gurubaran/.ssh/known_hosts).
Permission denied (publickey).
fatal: Could not read from remote repository.

Please make sure you have the correct access rights
and the repository exists.
gurubaran@gurubaran:~/haanji$ ssh-agent bash -c "ssh-add /home/gurubaran/.ssh/; git push -u origin master" 
Error loading key "/home/gurubaran/.ssh/": Is a directory
The authenticity of host 'svn-4140.devcloud.hosting.acquia.com (184.72.242.11)' can't be established.
RSA key fingerprint is SHA256:K06h1/Po8zJ6qtaOVOVK94EuO5ELcFBmVz37XDyFwRo.
Are you sure you want to continue connecting (yes/no)? yes
Failed to add the host to the list of known hosts (/home/gurubaran/.ssh/known_hosts).
Permission denied (publickey).
fatal: Could not read from remote repository.

Please make sure you have the correct access rights
and the repository exists.
gurubaran@gurubaran:~/haanji$ ssh-agent bash -c "ssh-add /home/gurubaran/.ssh/id_rsa; git push -u origin master" 
/home/gurubaran/.ssh/id_rsa: Permission denied
The authenticity of host 'svn-4140.devcloud.hosting.acquia.com (184.72.242.11)' can't be established.
RSA key fingerprint is SHA256:K06h1/Po8zJ6qtaOVOVK94EuO5ELcFBmVz37XDyFwRo.
Are you sure you want to continue connecting (yes/no)? no           
Host key verification failed.
fatal: Could not read from remote repository.

Please make sure you have the correct access rights
and the repository exists.
gurubaran@gurubaran:~/haanji$ sudo ssh-agent bash -c "ssh-add /home/gurubaran/.ssh/id_rsa; git push -u origin master" 
[sudo] password for gurubaran: 
Enter passphrase for /home/gurubaran/.ssh/id_rsa: 
Identity added: /home/gurubaran/.ssh/id_rsa (/home/gurubaran/.ssh/id_rsa)
The authenticity of host 'svn-4140.devcloud.hosting.acquia.com (184.72.242.11)' can't be established.
RSA key fingerprint is SHA256:K06h1/Po8zJ6qtaOVOVK94EuO5ELcFBmVz37XDyFwRo.
Are you sure you want to continue connecting (yes/no)? yes
Warning: Permanently added 'svn-4140.devcloud.hosting.acquia.com,184.72.242.11' (RSA) to the list of known hosts.
Permission denied (publickey).
fatal: Could not read from remote repository.

Please make sure you have the correct access rights
and the repository exists.
gurubaran@gurubaran:~/haanji$ git --version
git version 2.14.1
gurubaran@gurubaran:~/haanji$ sudo chmod 400 /home/gurubaran/.ssh/id_rsa
gurubaran@gurubaran:~/haanji$ sudo ssh-agent bash -c "ssh-add /home/gurubaran/.ssh/id_rsa; git push -u origin master" 
Enter passphrase for /home/gurubaran/.ssh/id_rsa: 
Identity added: /home/gurubaran/.ssh/id_rsa (/home/gurubaran/.ssh/id_rsa)
Permission denied (publickey).
fatal: Could not read from remote repository.

Please make sure you have the correct access rights
and the repository exists.
gurubaran@gurubaran:~/haanji$ git status
On branch master
nothing to commit, working tree clean
gurubaran@gurubaran:~/haanji$ git branch -a
  develop
  develop1
* master
gurubaran@gurubaran:~/haanji$ git status
On branch master
Changes not staged for commit:
  (use "git add <file>..." to update what will be committed)
  (use "git checkout -- <file>..." to discard changes in working directory)

	modified:   blt/project.yml

no changes added to commit (use "git add" and/or "git commit -a")
gurubaran@gurubaran:~/haanji$ git add -A
gurubaran@gurubaran:~/haanji$ git commit -m "BLT-000: Test push to my remote repo."
Executing .git/hooks/pre-commit...
> validate:phpcs
[ExecStack] /home/gurubaran/haanji/vendor/bin/phpcs
[ExecStack] Running /home/gurubaran/haanji/vendor/bin/phpcs in /home/gurubaran/haanji
........

Time: 188ms; Memory: 6Mb

[ExecStack] Done in 0.336s
> validate:twig:files
Linting twig files...
> validate:yaml:files
Linting YAML files...
Your local code has passed git pre-commit validation.
Executing .git/hooks/commit-msg...
Validating commit message syntax...
[master 5cef8d6] BLT-000: Test push to my remote repo.
 1 file changed, 1 insertion(+), 1 deletion(-)
gurubaran@gurubaran:~/haanji$ git --version
git version 2.14.1
gurubaran@gurubaran:~/haanji$ git remote add origin https://github.com/mareaswa/BLT.git
fatal: remote origin already exists.
gurubaran@gurubaran:~/haanji$ git remote add test https://github.com/mareaswa/BLT.git
gurubaran@gurubaran:~/haanji$ git remote -a
error: unknown switch `a'
usage: git remote [-v | --verbose]
   or: git remote add [-t <branch>] [-m <master>] [-f] [--tags | --no-tags] [--mirror=<fetch|push>] <name> <url>
   or: git remote rename <old> <new>
   or: git remote remove <name>
   or: git remote set-head <name> (-a | --auto | -d | --delete | <branch>)
   or: git remote [-v | --verbose] show [-n] <name>
   or: git remote prune [-n | --dry-run] <name>
   or: git remote [-v | --verbose] update [-p | --prune] [(<group> | <remote>)...]
   or: git remote set-branches [--add] <name> <branch>...
   or: git remote get-url [--push] [--all] <name>
   or: git remote set-url [--push] <name> <newurl> [<oldurl>]
   or: git remote set-url --add <name> <newurl>
   or: git remote set-url --delete <name> <url>

    -v, --verbose         be verbose; must be placed before a subcommand

gurubaran@gurubaran:~/haanji$ git remote -v
origin	haanji@svn-4140.devcloud.hosting.acquia.com:haanji.git (fetch)
origin	haanji@svn-4140.devcloud.hosting.acquia.com:haanji.git (push)
test	https://github.com/mareaswa/BLT.git (fetch)
test	https://github.com/mareaswa/BLT.git (push)
gurubaran@gurubaran:~/haanji$ git remote rm origin
gurubaran@gurubaran:~/haanji$ git remote -v
test	https://github.com/mareaswa/BLT.git (fetch)
test	https://github.com/mareaswa/BLT.git (push)
gurubaran@gurubaran:~/haanji$ git push -u test master
Username for 'https://github.com': mareaswa
Password for 'https://mareaswa@github.com': 
Counting objects: 100, done.
Delta compression using up to 4 threads.
Compressing objects: 100% (84/84), done.
Writing objects: 100% (100/100), 91.16 KiB | 1.23 MiB/s, done.
Total 100 (delta 14), reused 0 (delta 0)
remote: Resolving deltas: 100% (14/14), done.
To https://github.com/mareaswa/BLT.git
 * [new branch]      master -> master
Branch master set up to track remote branch master from test.
gurubaran@gurubaran:~/haanji$ git status
On branch master
Your branch is up-to-date with 'test/master'.

nothing to commit, working tree clean
gurubaran@gurubaran:~/haanji$ git status
On branch master
Your branch is up-to-date with 'test/master'.

nothing to commit, working tree clean
gurubaran@gurubaran:~/haanji$ git remote -v
test	https://github.com/mareaswa/BLT.git (fetch)
test	https://github.com/mareaswa/BLT.git (push)
gurubaran@gurubaran:~/haanji$ git status
On branch master
Your branch is up-to-date with 'test/master'.

nothing to commit, working tree clean
gurubaran@gurubaran:~/haanji$ git status
On branch master
Your branch is up-to-date with 'test/master'.

nothing to commit, working tree clean
gurubaran@gurubaran:~/haanji$ git pull
remote: Counting objects: 3, done.
remote: Compressing objects: 100% (2/2), done.
remote: Total 3 (delta 1), reused 0 (delta 0), pack-reused 0
Unpacking objects: 100% (3/3), done.
From https://github.com/mareaswa/BLT
   5cef8d6..a8d0e5a  master     -> test/master
Updating 5cef8d6..a8d0e5a
Fast-forward
 test | 1 +
 1 file changed, 1 insertion(+)
 create mode 100644 test
gurubaran@gurubaran:~/haanji$ git log
commit a8d0e5ad8c1a212856c278386a2ddacf858124e6 (HEAD -> master, test/master)
Author: mareaswa <emm.cit@gmail.com>
Date:   Mon Mar 5 00:17:03 2018 +0530

    Create test

commit 5cef8d69b90a00b429c19458438050a841142423
Author: mareaswa <emm.cit@gmailcom>
Date:   Sun Mar 4 23:54:37 2018 +0530

    BLT-000: Test push to my remote repo.

commit 3244fd20cc3b08384083bd71aceebd2ac57c03cb
Author: mareaswa <emm.cit@gmailcom>
Date:   Sun Mar 4 22:21:17 2018 +0530

    BLT-000: First blt commit.

commit ba214525c8b6532d5fdc5b1d728abd64d6de7669 (develop1, develop)
Author: mareaswa <emm.cit@gmailcom>
Date:   Sun Mar 4 22:13:48 2018 +0530

    BLT-000: Setting up haanji on Acquia Cloud.
gurubaran@gurubaran:~/haanji$ blt deploy -Ddeploy.commitMsg='BLT-000: Deployment test on acquia cloud' -Ddeploy.branch='master-build'
[error]  There are uncommitted changes, commit or stash these changes before deploying. 
gurubaran@gurubaran:~/haanji$ git status
On branch master
Your branch is up-to-date with 'test/master'.

Changes not staged for commit:
  (use "git add <file>..." to update what will be committed)
  (use "git checkout -- <file>..." to discard changes in working directory)

	modified:   blt/project.yml

no changes added to commit (use "git add" and/or "git commit -a")
gurubaran@gurubaran:~/haanji$ git add -A
gurubaran@gurubaran:~/haanji$ git commit -m "modified project yaml file to point to Acquia CLoud haanji app."
Executing .git/hooks/pre-commit...
> validate:phpcs
[ExecStack] /home/gurubaran/haanji/vendor/bin/phpcs
[ExecStack] Running /home/gurubaran/haanji/vendor/bin/phpcs in /home/gurubaran/haanji
........

Time: 190ms; Memory: 6Mb

[ExecStack] Done in 0.326s
> validate:twig:files
Linting twig files...
> validate:yaml:files
Linting YAML files...
Your local code has passed git pre-commit validation.
Executing .git/hooks/commit-msg...
Validating commit message syntax...
[error]  Invalid commit message! 
Commit messages must:
* Contain the project prefix followed by a hyphen
* Contain a ticket number followed by a colon and a space
* Be at least 15 characters long and end with a period.
Valid example: BLT-135: Added the new picture field to the article feature.
gurubaran@gurubaran:~/haanji$ git commit -m "BLT-000: modified project yaml file to point to Acquia CLoud haanji app."
Executing .git/hooks/pre-commit...
> validate:phpcs
[ExecStack] /home/gurubaran/haanji/vendor/bin/phpcs
[ExecStack] Running /home/gurubaran/haanji/vendor/bin/phpcs in /home/gurubaran/haanji
........

Time: 188ms; Memory: 6Mb

[ExecStack] Done in 0.324s
> validate:twig:files
Linting twig files...
> validate:yaml:files
Linting YAML files...
Your local code has passed git pre-commit validation.
Executing .git/hooks/commit-msg...
Validating commit message syntax...
[master 784a82e] BLT-000: modified project yaml file to point to Acquia CLoud haanji app.
 1 file changed, 1 insertion(+), 1 deletion(-)
gurubaran@gurubaran:~/haanji$ git status
On branch master
Your branch is ahead of 'test/master' by 1 commit.
  (use "git push" to publish your local commits)

nothing to commit, working tree clean
gurubaran@gurubaran:~/haanji$ git push
Username for 'https://github.com': mareaswa
Password for 'https://mareaswa@github.com': 
Counting objects: 4, done.
Delta compression using up to 4 threads.
Compressing objects: 100% (4/4), done.
Writing objects: 100% (4/4), 441 bytes | 441.00 KiB/s, done.
Total 4 (delta 3), reused 0 (delta 0)
remote: Resolving deltas: 100% (3/3), completed with 3 local objects.
To https://github.com/mareaswa/BLT.git
   a8d0e5a..784a82e  master -> master
gurubaran@gurubaran:~/haanji$ blt deploy -Ddeploy.commitMsg='BLT-000: Deployment test on acquia cloud' -Ddeploy.branch='master-build'
Typically, you would only create a tag if you currently have a tag checked out on your source repository.
 Would you like to create a tag? (y/n) y
 Enter a valid commit message [BLT-000: modified project yaml file to point to Acquia CLoud haanji app.] 
 Enter the tag name for the deployment artifact. E.g., 1.0.0-build 1.0.0
Tag is set to 1.0.0.
Preparing artifact directory...
Global .gitignore file is being disabled for this repository to prevent unexpected behavior.
PHP Notice:  Array to string conversion in /home/gurubaran/haanji/vendor/acquia/blt/src/Robo/Commands/Deploy/DeployCommand.php on line 261
Fetching from git remote Array
PHP Warning:  md5() expects parameter 1 to be string, array given in /home/gurubaran/haanji/vendor/acquia/blt/src/Robo/Commands/Deploy/DeployCommand.php on line 263
PHP Notice:  Array to string conversion in /home/gurubaran/haanji/vendor/acquia/blt/src/Robo/Commands/Deploy/DeployCommand.php on line 268
Generating build artifact...
For more detailed output, use the -v flag.
> frontend
> frontend:setup
> frontend:build
> setup:hash-salt
Hash salt already exists.
Combining exclusions from deploy.deploy-exclude-additions and deploy.deploy-exclude files...
Rsyncing files from source repo into the build artifact...
Rebuilding composer dependencies for production...
[ExecStack] composer install --no-dev --no-interaction --optimize-autoloader
[ExecStack] Running composer install --no-dev --no-interaction --optimize-autoloader in /home/gurubaran/haanji/deploy
Loading composer repositories with package information
Installing dependencies from lock file
Package operations: 156 installs, 0 updates, 0 removals
  - Installing wikimedia/composer-merge-plugin (v1.4.1): Loading from cache
  - Installing composer/installers (v1.5.0): Loading from cache
  - Installing grasmash/drupal-security-warning (1.1.1): Loading from cache
  - Installing cweagans/composer-patches (1.6.4): Loading from cache
No patches supplied.
Gathering patches for dependencies. This might take a minute.
  - Installing tivie/php-os-detector (1.1.0): Loading from cache
  - Installing symfony/yaml (v3.2.14): Loading from cache
  - Installing symfony/polyfill-mbstring (v1.7.0): Loading from cache
  - Installing psr/log (1.0.2): Loading from cache
  - Installing symfony/debug (v3.4.5): Loading from cache
  - Installing symfony/console (v3.2.14): Loading from cache
  - Installing squizlabs/php_codesniffer (2.9.1): Loading from cache
  - Installing sebastian/version (1.0.6): Loading from cache
  - Installing sebastian/global-state (1.1.1): Loading from cache
  - Installing sebastian/recursion-context (1.0.5): Loading from cache
  - Installing sebastian/exporter (1.2.2): Loading from cache
  - Installing sebastian/environment (1.3.8): Loading from cache
  - Installing sebastian/diff (1.4.3): Loading from cache
  - Installing sebastian/comparator (1.2.4): Loading from cache
  - Installing phpunit/php-text-template (1.2.1): Loading from cache
  - Installing doctrine/instantiator (1.1.0): Loading from cache
  - Installing phpunit/phpunit-mock-objects (2.3.8): Loading from cache
  - Installing phpunit/php-timer (1.0.9): Loading from cache
  - Installing phpunit/php-file-iterator (1.4.5): Loading from cache
  - Installing phpunit/php-token-stream (1.4.12): Loading from cache
  - Installing phpunit/php-code-coverage (2.2.4): Loading from cache
  - Installing webmozart/assert (1.3.0): Loading from cache
  - Installing phpdocumentor/reflection-common (1.0.1): Loading from cache
  - Installing phpdocumentor/type-resolver (0.4.0): Loading from cache
  - Installing phpdocumentor/reflection-docblock (4.3.0): Loading from cache
  - Installing phpspec/prophecy (1.7.5): Loading from cache
  - Installing phpunit/phpunit (4.8.36): Loading from cache
  - Installing oomphinc/composer-installers-extender (v1.1.2): Loading from cache
  - Installing dflydev/dot-access-data (v1.1.0): Loading from cache
  - Installing grasmash/yaml-expander (1.4.0): Loading from cache
  - Installing symfony/filesystem (v3.4.5): Loading from cache
  - Installing grasmash/yaml-cli (1.0.3): Loading from cache
  - Installing webmozart/path-util (2.3.0): Loading from cache
  - Installing symfony/var-dumper (v3.4.5): Loading from cache
  - Installing symfony/finder (v3.4.5): Loading from cache
  - Installing symfony/event-dispatcher (v3.2.14): Loading from cache
  - Installing nikic/php-parser (v3.1.5): Loading from cache
  - Installing jakub-onderka/php-console-color (0.1): Loading from cache
  - Installing jakub-onderka/php-console-highlighter (v0.3.2): Loading from cache
  - Installing dnoegel/php-xdg-base-dir (0.1): Loading from cache
  - Installing psy/psysh (v0.8.17): Loading from cache
  - Installing pear/console_table (v1.3.1): Loading from cache
  - Installing consolidation/output-formatters (3.1.13): Loading from cache
  - Installing consolidation/annotated-command (2.8.3): Loading from cache
  - Installing drush/drush (8.1.16): Loading from cache
  - Installing drupal/coder (8.2.12): Cloning 984c54a7b1 from cache
  - Installing doctrine/inflector (v1.1.0): Loading from cache
  - Installing doctrine/lexer (v1.0.1): Loading from cache
  - Installing doctrine/collections (v1.5.0): Loading from cache
  - Installing doctrine/cache (v1.7.1): Loading from cache
  - Installing doctrine/annotations (v1.6.0): Loading from cache
  - Installing doctrine/common (v2.8.1): Loading from cache
  - Installing dealerdirect/phpcodesniffer-composer-installer (v0.4.4): Loading from cache
  - Installing symfony/process (v3.2.14): Loading from cache
  - Installing psr/container (1.0.0): Loading from cache
  - Installing container-interop/container-interop (1.2.0): Loading from cache
  - Installing league/container (2.4.1): Loading from cache
  - Installing consolidation/log (1.0.5): Loading from cache
  - Installing grasmash/expander (1.0.0): Loading from cache
  - Installing consolidation/config (1.0.9): Loading from cache
  - Installing consolidation/robo (1.2.2): Loading from cache
  - Installing composer/semver (1.4.2): Loading from cache
  - Installing twig/twig (v1.35.1): Loading from cache
  - Installing asm89/twig-lint (1.0.2): Loading from cache
  - Installing acquia/blt (8.9.12): Loading from cache
  - Installing drupal-composer/drupal-scaffold (2.4.0): Loading from cache
  - Installing zendframework/zend-stdlib (3.1.0): Loading from cache
  - Installing zendframework/zend-escaper (2.5.2): Loading from cache
  - Installing zendframework/zend-feed (2.9.0): Loading from cache
  - Installing psr/http-message (1.0.1): Loading from cache
  - Installing zendframework/zend-diactoros (1.7.1): Loading from cache
  - Installing symfony/translation (v3.2.14): Loading from cache
  - Installing symfony/validator (v3.2.14): Loading from cache
  - Installing symfony/serializer (v3.2.14): Loading from cache
  - Installing symfony/routing (v3.2.14): Loading from cache
  - Installing symfony/http-foundation (v3.2.14): Loading from cache
  - Installing symfony/psr-http-message-bridge (v1.0.2): Loading from cache
  - Installing symfony/polyfill-iconv (v1.7.0): Loading from cache
  - Installing symfony/http-kernel (v3.2.14): Loading from cache
  - Installing symfony/dependency-injection (v3.2.14): Loading from cache
  - Installing symfony/class-loader (v3.2.14): Loading from cache
  - Installing symfony-cmf/routing (1.4.1): Loading from cache
  - Installing stack/builder (v1.0.5): Loading from cache
  - Installing paragonie/random_compat (v2.0.11): Loading from cache
  - Installing masterminds/html5 (2.3.0): Loading from cache
  - Installing guzzlehttp/psr7 (1.4.2): Loading from cache
  - Installing guzzlehttp/promises (v1.3.1): Loading from cache
  - Installing guzzlehttp/guzzle (6.3.0): Loading from cache
  - Installing egulias/email-validator (1.2.14): Loading from cache
  - Installing easyrdf/easyrdf (0.9.1): Loading from cache
  - Installing asm89/stack-cors (1.2.0): Loading from cache
  - Installing drupal/core (8.4.5): Loading from cache
  - Applying patches for drupal/core
    https://www.drupal.org/files/issues/1356276-408--8.4.4.patch (1356276 - Allow profiles to provide a base/parent profile and load them in the correct order)
    https://www.drupal.org/files/issues/2880374-remove-experimental-warnings-6.patch (2880374 - Experimental modules should not have warnings after being installed)
    https://www.drupal.org/files/issues/2869592-remove-update-warning-7.patch (2869592 - Disabled update module shouldn't produce a status report warning)
    https://www.drupal.org/files/issues/2885441-2.patch (2885441 - EntityReferenceAutocompleteWidget should define its size setting as an integer)
    https://www.drupal.org/files/issues/2883813-27.patch (2883813 - Move File/Image media type into Standard once Media is stable)
    https://www.drupal.org/files/issues/2877383-23.patch (2877383 - Add action support to Media module)
    https://www.drupal.org/files/issues/2862041-229.patch (2862041 - Provide useful Views filters for Content Moderation State fields)
    https://www.drupal.org/files/issues/2815221-69-8.4.x.patch (2815221 - Add quickedit to the latest-revision route)

  - Installing drupal/workbench_moderation (1.2.0): Loading from cache
  - Applying patches for drupal/workbench_moderation
    https://www.drupal.org/files/issues/2668006-2.patch (2668006 - Provide logical access control for when IPE should be applied to moderated nodes)
    https://www.drupal.org/files/issues/2847078-6.patch (2847078 - Revision tracker's dynamic table creation can break Views)
    https://www.drupal.org/files/issues/workbench_moderation-quickedit-support-2749503-6.patch (2749503 - Add basic support for Quick Edit)

  - Installing drupal/wbm2cm (dev-2.x 6300a32): Cloning 6300a32370 from cache
  - Installing drupal/views_infinite_scroll (1.5.0): Loading from cache
  - Installing drupal/video_embed_field (2.0.0-alpha2): Loading from cache
  - Installing drupal/token (1.1.0): Loading from cache
  - Installing league/event (2.1.2): Loading from cache
  - Installing lcobucci/jwt (3.2.2): Loading from cache
  - Installing defuse/php-encryption (v2.1.0): Loading from cache
  - Installing league/oauth2-server (6.1.1): Loading from cache
  - Installing drupal/consumers (1.0.0-beta2): Loading from cache
  - Installing drupal/simple_oauth (3.3.0): Loading from cache
  - Applying patches for drupal/simple_oauth
    https://www.drupal.org/files/issues/2925369-2.patch (2925369 - TokenAuthUser does not fulfill RevisionableInterface, causes fatals)

  - Installing drupal/search_api (1.7.0): Loading from cache
  - Installing drupal/inline_entity_form (1.0.0-beta1): Loading from cache
  - Installing drupal/scheduled_updates (1.0.0-alpha6): Loading from cache
  - Installing drupal/ctools (3.0.0): Loading from cache
  - Installing drupal/pathauto (1.0.0): Loading from cache
  - Installing drupal/panels (4.2.0): Loading from cache
  - Applying patches for drupal/panels
    https://www.drupal.org/files/issues/panels-ipe-2878684-3.patch (2878684 - Use String.match to correlate regions when switching Layouts in Panels IPE)
    https://www.drupal.org/files/issues/panels-ipe-propogate-errors-2825034-5.patch (2825034 - Form error messages do not appear in IPE)
    https://www.drupal.org/files/issues/2908897-2.patch (2908897 - CategoryView leaves AJAX request marked active)
    https://www.drupal.org/files/issues/2913353-2.patch (2913353 - IPE attaches behaviors a bit too quickly)
    https://www.drupal.org/files/issues/panels-ipe-date-field-2825028-10.patch (2825028 - AJAX error creating and placing blocks with date fields in IPE)

  - Installing drupal/panelizer (4.0.0): Loading from cache
  - Applying patches for drupal/panelizer
    https://www.drupal.org/files/issues/2908917-2.patch (2908917 - SaveTabView blindly assumes a Revert tab exists)

  - Installing drupal/schemata (1.0.0-alpha2): Loading from cache
  - Installing drupal/openapi (1.0.0-alpha1): Loading from cache
  - Installing drupal/metatag (1.4.0): Loading from cache
  - Installing j7mbo/twitter-api-php (1.0.6): Loading from cache
  - Installing drupal/media_entity_twitter (2.0.0-alpha2): Loading from cache
  - Installing drupal/media_entity_instagram (2.0.0-alpha1): Loading from cache
  - Applying patches for drupal/media_entity_instagram
    https://www.drupal.org/files/issues/2917454-2.patch (2917454 - Field formatter test is broken)

  - Installing drupal/entity (1.0.0-beta1): Loading from cache
  - Installing drupal/media_entity (2.0.0-alpha2): Loading from cache
  - Applying patches for drupal/media_entity
    https://www.drupal.org/files/issues/2918172-5.patch (2918172 - Media Entity upgrade -> core fails on absent column revision_uid)

  - Installing drupal/media_entity_image (dev-1.x 3264d04): Cloning 3264d04a39 from cache
  - Installing drupal/media_entity_document (dev-1.x b98ec72): Cloning b98ec72e30 from cache
  - Installing drupal/jsonapi (1.10.0): Loading from cache
  - Installing drupal/crop (2.0.0-beta1): Loading from cache
  - Applying patches for drupal/crop
    https://www.drupal.org/files/issues/2918441-beta1-packaged-info-file.patch (Make Crop API compatible with core Media)

  - Installing drupal/image_widget_crop (2.1.0): Loading from cache
  - Installing drupal/config_update (1.5.0): Loading from cache
  - Installing drupal/features (3.7.0): Loading from cache
  - Installing drupal/embed (1.0.0): Loading from cache
  - Installing drupal/entity_embed (1.0.0-beta2): Loading from cache
  - Applying patches for drupal/entity_embed
    https://www.drupal.org/files/issues/2832504-2.patch (2832504 - Send the CKEditor instance ID to the embed.preview route)

  - Installing drupal/entity_browser (2.0.0-alpha2): Loading from cache
  - Applying patches for drupal/entity_browser
    https://www.drupal.org/files/issues/entity-browser-view-context-2865928-14.patch (2865928 - The View widget should filter based on field settings)
    https://www.drupal.org/files/issues/2877751-17.patch (2877751 - Inform users how many items they can add to a field that uses an entity browser)

  - Installing drupal/entity_block (1.0.0-alpha2): Loading from cache
  - Applying patches for drupal/entity_block
    https://www.drupal.org/files/issues/entity_block-view-builder-class.patch (2844068 - Create derivatives for any viewable entity.)
    https://www.drupal.org/files/issues/2846004-2.patch (2846004 - Entity Block does not perform any access control)

  - Installing drupal/dropzonejs (2.0.0-alpha3): Loading from cache
  - Installing sunra/php-simple-html-dom-parser (v1.5.2): Loading from cache
  - Installing ezyang/htmlpurifier (v4.10.0): Loading from cache
  - Installing caxy/php-htmldiff (v0.1.6): Loading from cache
  - Installing mkalkbrenner/php-htmldiff-advanced (0.0.8): Loading from cache
  - Installing drupal/diff (1.0.0-rc1): Loading from cache
  - Installing drupal/contact_storage (1.0.0-beta9): Loading from cache
  - Installing drupal/acquia_connector (1.14.0): Loading from cache
  - Installing bower-asset/dropzone (v5.1.1): Loading from cache
  - Installing bower-asset/cropper (v2.3.4): Loading from cache
  - Installing acquia/lightning (2.2.8): Loading from cache
  - Installing drupal/cog (1.13.0): Loading from cache
  - Installing drupal/config_filter (1.1.0): Loading from cache
  - Installing drupal/config_split (1.3.0): Loading from cache
  - Installing drupal/devel (1.2.0): Loading from cache
  - Installing drupal/memcache (2.0.0-alpha5): Loading from cache
  - Installing drupal/qa_accounts (1.0.0-alpha1): Loading from cache
  - Installing drupal/seckit (1.0.0-alpha2): Loading from cache
  - Installing drupal/security_review (dev-1.x 9a3bdf8): Cloning 9a3bdf82a6 from cache
  - Installing drupal/shield (1.2.0): Loading from cache
Generating optimized autoload files
Gathering patches for root package.
Removing package drupal/core so that it can be re-installed and re-patched.
  - Removing drupal/core (8.4.5)
Deleting docroot/core - deleted
Loading composer repositories with package information
Installing dependencies from lock file
Package operations: 1 install, 0 updates, 0 removals
Gathering patches for root package.
Gathering patches for dependencies. This might take a minute.
  - Installing drupal/core (8.4.5): Loading from cache
  - Applying patches for drupal/core
    https://www.drupal.org/files/issues/2752961-90.patch (Clear Twig caches on deploys)
    https://www.drupal.org/files/issues/1356276-408--8.4.4.patch (1356276 - Allow profiles to provide a base/parent profile and load them in the correct order)
    https://www.drupal.org/files/issues/2880374-remove-experimental-warnings-6.patch (2880374 - Experimental modules should not have warnings after being installed)
    https://www.drupal.org/files/issues/2869592-remove-update-warning-7.patch (2869592 - Disabled update module shouldn't produce a status report warning)
    https://www.drupal.org/files/issues/2885441-2.patch (2885441 - EntityReferenceAutocompleteWidget should define its size setting as an integer)
    https://www.drupal.org/files/issues/2883813-27.patch (2883813 - Move File/Image media type into Standard once Media is stable)
    https://www.drupal.org/files/issues/2877383-23.patch (2877383 - Add action support to Media module)
    https://www.drupal.org/files/issues/2862041-229.patch (2862041 - Provide useful Views filters for Content Moderation State fields)
    https://www.drupal.org/files/issues/2815221-69-8.4.x.patch (2815221 - Add quickedit to the latest-revision route)

Generating optimized autoload files
PHP CodeSniffer Config installed_paths set to ../../drupal/coder/coder_sniffer/
You are using Drupal packages that are not supported by the Drupal Security Team!
  - drupal/wbm2cm:dev-2.x: Project has not opted into security advisory coverage!
  - drupal/video_embed_field:2.0.0.0-alpha2: Alpha releases are not covered by Drupal security advisories.
  - drupal/consumers:1.0.0.0-beta2: Beta releases are not covered by Drupal security advisories.
  - drupal/inline_entity_form:1.0.0.0-beta1: Beta releases are not covered by Drupal security advisories.
  - drupal/scheduled_updates:1.0.0.0-alpha6: Project has not opted into security advisory coverage!
  - drupal/schemata:1.0.0.0-alpha2: Alpha releases are not covered by Drupal security advisories.
  - drupal/schemata_json_schema:1.0.0.0-alpha2: Alpha releases are not covered by Drupal security advisories.
  - drupal/openapi:1.0.0.0-alpha1: Project has not opted into security advisory coverage!
  - drupal/media_entity_twitter:2.0.0.0-alpha2: Alpha releases are not covered by Drupal security advisories.
  - drupal/media_entity_instagram:2.0.0.0-alpha1: Alpha releases are not covered by Drupal security advisories.
  - drupal/entity:1.0.0.0-beta1: Beta releases are not covered by Drupal security advisories.
  - drupal/media_entity:2.0.0.0-alpha2: Alpha releases are not covered by Drupal security advisories.
  - drupal/media_entity_image:dev-1.x: Dev releases are not covered by Drupal security advisories.
  - drupal/media_entity_document:dev-1.x: Dev releases are not covered by Drupal security advisories.
  - drupal/crop:2.0.0.0-beta1: Beta releases are not covered by Drupal security advisories.
  - drupal/entity_embed:1.0.0.0-beta2: Beta releases are not covered by Drupal security advisories.
  - drupal/entity_browser:2.0.0.0-alpha2: Alpha releases are not covered by Drupal security advisories.
  - drupal/entity_block:1.0.0.0-alpha2: Alpha releases are not covered by Drupal security advisories.
  - drupal/dropzonejs:2.0.0.0-alpha3: Project has not opted into security advisory coverage!
  - drupal/diff:1.0.0.0-RC1: RC releases are not covered by Drupal security advisories.
  - drupal/contact_storage:1.0.0.0-beta9: Beta releases are not covered by Drupal security advisories.
  - drupal/memcache:2.0.0.0-alpha5: Alpha releases are not covered by Drupal security advisories.
  - drupal/qa_accounts:1.0.0.0-alpha1: Project has not opted into security advisory coverage!
  - drupal/seckit:1.0.0.0-alpha2: Alpha releases are not covered by Drupal security advisories.
  - drupal/security_review:dev-1.x: Dev releases are not covered by Drupal security advisories.
See https://www.drupal.org/security-advisory-policy for more information.
PHP CodeSniffer Config installed_paths set to ../../drupal/coder/coder_sniffer/
[ExecStack] Done in 01:35
Sanitizing artifact...
The deployment artifact was generated at /home/gurubaran/haanji/deploy.
Committing artifact to master-build-temp...
The tag 1.0.0 was created for the build artifact.
Pushing artifact to git.remotes...
PHP Warning:  md5() expects parameter 1 to be string, array given in /home/gurubaran/haanji/vendor/acquia/blt/src/Robo/Commands/Deploy/DeployCommand.php on line 521
[ExecStack] git push  1.0.0
[ExecStack] Running git push  1.0.0 in /home/gurubaran/haanji/deploy
fatal: The current branch master-build-temp has no upstream branch.
To push the current branch and set the remote as upstream, use

    git push --set-upstream 1.0.0 master-build-temp

[ExecStack]  Exit code 128  Time 0.009s
gurubaran@gurubaran:~/haanji$ git remote -v
test	https://github.com/mareaswa/BLT.git (fetch)
test	https://github.com/mareaswa/BLT.git (push)
gurubaran@gurubaran:~/haanji$ git push --set-upstream 1.0.0 master-build-temp
error: src refspec master-build-temp does not match any.
error: failed to push some refs to '1.0.0'
gurubaran@gurubaran:~/haanji$ git remote rm test
gurubaran@gurubaran:~/haanji$ git remote -v
gurubaran@gurubaran:~/haanji$ git push --set-upstream 1.0.0 master-build-temp
error: src refspec master-build-temp does not match any.
error: failed to push some refs to '1.0.0'
gurubaran@gurubaran:~/haanji$ git push --set-upstream 1.0.0 master-build
error: src refspec master-build does not match any.
error: failed to push some refs to '1.0.0'
gurubaran@gurubaran:~/haanji$ git branch -v
  develop  ba21452 BLT-000: Setting up haanji on Acquia Cloud.
  develop1 ba21452 BLT-000: Setting up haanji on Acquia Cloud.
* master   784a82e BLT-000: modified project yaml file to point to Acquia CLoud haanji app.
gurubaran@gurubaran:~/haanji$ git push -u 1.00 master-build-temp
error: src refspec master-build-temp does not match any.
error: failed to push some refs to '1.00'
gurubaran@gurubaran:~/haanji$ blt deploy -Ddeploy.commitMsg='BLT-000: Deployment test on acquia cloud' -Ddeploy.branch='master-build'
Typically, you would only create a tag if you currently have a tag checked out on your source repository.
 Would you like to create a tag? (y/n) n
 Enter a valid commit message [BLT-000: modified project yaml file to point to Acquia CLoud haanji app.] Test
 Enter the branch name for the deployment artifact [master-build] 
Preparing artifact directory...
Global .gitignore file is being disabled for this repository to prevent unexpected behavior.
PHP Notice:  Array to string conversion in /home/gurubaran/haanji/vendor/acquia/blt/src/Robo/Commands/Deploy/DeployCommand.php on line 261
Fetching from git remote Array
PHP Warning:  md5() expects parameter 1 to be string, array given in /home/gurubaran/haanji/vendor/acquia/blt/src/Robo/Commands/Deploy/DeployCommand.php on line 263
PHP Notice:  Array to string conversion in /home/gurubaran/haanji/vendor/acquia/blt/src/Robo/Commands/Deploy/DeployCommand.php on line 268
PHP Warning:  md5() expects parameter 1 to be string, array given in /home/gurubaran/haanji/vendor/acquia/blt/src/Robo/Commands/Deploy/DeployCommand.php on line 294
Merging upstream changes into local artifact...
Generating build artifact...
For more detailed output, use the -v flag.
> frontend
> frontend:setup
> frontend:build
> setup:hash-salt
Hash salt already exists.
Combining exclusions from deploy.deploy-exclude-additions and deploy.deploy-exclude files...
Rsyncing files from source repo into the build artifact...
Rebuilding composer dependencies for production...
[ExecStack] composer install --no-dev --no-interaction --optimize-autoloader
[ExecStack] Running composer install --no-dev --no-interaction --optimize-autoloader in /home/gurubaran/haanji/deploy
Loading composer repositories with package information
Installing dependencies from lock file
Package operations: 156 installs, 0 updates, 0 removals
  - Installing wikimedia/composer-merge-plugin (v1.4.1): Loading from cache
  - Installing composer/installers (v1.5.0): Loading from cache
  - Installing grasmash/drupal-security-warning (1.1.1): Loading from cache
  - Installing cweagans/composer-patches (1.6.4): Loading from cache
No patches supplied.
Gathering patches for dependencies. This might take a minute.
  - Installing tivie/php-os-detector (1.1.0): Loading from cache
  - Installing symfony/yaml (v3.2.14): Loading from cache
  - Installing symfony/polyfill-mbstring (v1.7.0): Loading from cache
  - Installing psr/log (1.0.2): Loading from cache
  - Installing symfony/debug (v3.4.5): Loading from cache
  - Installing symfony/console (v3.2.14): Loading from cache
  - Installing squizlabs/php_codesniffer (2.9.1): Loading from cache
  - Installing sebastian/version (1.0.6): Loading from cache
  - Installing sebastian/global-state (1.1.1): Loading from cache
  - Installing sebastian/recursion-context (1.0.5): Loading from cache
  - Installing sebastian/exporter (1.2.2): Loading from cache
  - Installing sebastian/environment (1.3.8): Loading from cache
  - Installing sebastian/diff (1.4.3): Loading from cache
  - Installing sebastian/comparator (1.2.4): Loading from cache
  - Installing phpunit/php-text-template (1.2.1): Loading from cache
  - Installing doctrine/instantiator (1.1.0): Loading from cache
  - Installing phpunit/phpunit-mock-objects (2.3.8): Loading from cache
  - Installing phpunit/php-timer (1.0.9): Loading from cache
  - Installing phpunit/php-file-iterator (1.4.5): Loading from cache
  - Installing phpunit/php-token-stream (1.4.12): Loading from cache
  - Installing phpunit/php-code-coverage (2.2.4): Loading from cache
  - Installing webmozart/assert (1.3.0): Loading from cache
  - Installing phpdocumentor/reflection-common (1.0.1): Loading from cache
  - Installing phpdocumentor/type-resolver (0.4.0): Loading from cache
  - Installing phpdocumentor/reflection-docblock (4.3.0): Loading from cache
  - Installing phpspec/prophecy (1.7.5): Loading from cache
  - Installing phpunit/phpunit (4.8.36): Loading from cache
  - Installing oomphinc/composer-installers-extender (v1.1.2): Loading from cache
  - Installing dflydev/dot-access-data (v1.1.0): Loading from cache
  - Installing grasmash/yaml-expander (1.4.0): Loading from cache
  - Installing symfony/filesystem (v3.4.5): Loading from cache
  - Installing grasmash/yaml-cli (1.0.3): Loading from cache
  - Installing webmozart/path-util (2.3.0): Loading from cache
  - Installing symfony/var-dumper (v3.4.5): Loading from cache
  - Installing symfony/finder (v3.4.5): Loading from cache
  - Installing symfony/event-dispatcher (v3.2.14): Loading from cache
  - Installing nikic/php-parser (v3.1.5): Loading from cache
  - Installing jakub-onderka/php-console-color (0.1): Loading from cache
  - Installing jakub-onderka/php-console-highlighter (v0.3.2): Loading from cache
  - Installing dnoegel/php-xdg-base-dir (0.1): Loading from cache
  - Installing psy/psysh (v0.8.17): Loading from cache
  - Installing pear/console_table (v1.3.1): Loading from cache
  - Installing consolidation/output-formatters (3.1.13): Loading from cache
  - Installing consolidation/annotated-command (2.8.3): Loading from cache
  - Installing drush/drush (8.1.16): Loading from cache
  - Installing drupal/coder (8.2.12): Cloning 984c54a7b1 from cache
  - Installing doctrine/inflector (v1.1.0): Loading from cache
  - Installing doctrine/lexer (v1.0.1): Loading from cache
  - Installing doctrine/collections (v1.5.0): Loading from cache
  - Installing doctrine/cache (v1.7.1): Loading from cache
  - Installing doctrine/annotations (v1.6.0): Loading from cache
  - Installing doctrine/common (v2.8.1): Loading from cache
  - Installing dealerdirect/phpcodesniffer-composer-installer (v0.4.4): Loading from cache
  - Installing symfony/process (v3.2.14): Loading from cache
  - Installing psr/container (1.0.0): Loading from cache
  - Installing container-interop/container-interop (1.2.0): Loading from cache
  - Installing league/container (2.4.1): Loading from cache
  - Installing consolidation/log (1.0.5): Loading from cache
  - Installing grasmash/expander (1.0.0): Loading from cache
  - Installing consolidation/config (1.0.9): Loading from cache
  - Installing consolidation/robo (1.2.2): Loading from cache
  - Installing composer/semver (1.4.2): Loading from cache
  - Installing twig/twig (v1.35.1): Loading from cache
  - Installing asm89/twig-lint (1.0.2): Loading from cache
  - Installing acquia/blt (8.9.12): Loading from cache
  - Installing drupal-composer/drupal-scaffold (2.4.0): Loading from cache
  - Installing zendframework/zend-stdlib (3.1.0): Loading from cache
  - Installing zendframework/zend-escaper (2.5.2): Loading from cache
  - Installing zendframework/zend-feed (2.9.0): Loading from cache
  - Installing psr/http-message (1.0.1): Loading from cache
  - Installing zendframework/zend-diactoros (1.7.1): Loading from cache
  - Installing symfony/translation (v3.2.14): Loading from cache
  - Installing symfony/validator (v3.2.14): Loading from cache
  - Installing symfony/serializer (v3.2.14): Loading from cache
  - Installing symfony/routing (v3.2.14): Loading from cache
  - Installing symfony/http-foundation (v3.2.14): Loading from cache
  - Installing symfony/psr-http-message-bridge (v1.0.2): Loading from cache
  - Installing symfony/polyfill-iconv (v1.7.0): Loading from cache
  - Installing symfony/http-kernel (v3.2.14): Loading from cache
  - Installing symfony/dependency-injection (v3.2.14): Loading from cache
  - Installing symfony/class-loader (v3.2.14): Loading from cache
  - Installing symfony-cmf/routing (1.4.1): Loading from cache
  - Installing stack/builder (v1.0.5): Loading from cache
  - Installing paragonie/random_compat (v2.0.11): Loading from cache
  - Installing masterminds/html5 (2.3.0): Loading from cache
  - Installing guzzlehttp/psr7 (1.4.2): Loading from cache
  - Installing guzzlehttp/promises (v1.3.1): Loading from cache
  - Installing guzzlehttp/guzzle (6.3.0): Loading from cache
  - Installing egulias/email-validator (1.2.14): Loading from cache
  - Installing easyrdf/easyrdf (0.9.1): Loading from cache
  - Installing asm89/stack-cors (1.2.0): Loading from cache
  - Installing drupal/core (8.4.5): Loading from cache
  - Applying patches for drupal/core
    https://www.drupal.org/files/issues/1356276-408--8.4.4.patch (1356276 - Allow profiles to provide a base/parent profile and load them in the correct order)
    https://www.drupal.org/files/issues/2880374-remove-experimental-warnings-6.patch (2880374 - Experimental modules should not have warnings after being installed)
    https://www.drupal.org/files/issues/2869592-remove-update-warning-7.patch (2869592 - Disabled update module shouldn't produce a status report warning)
    https://www.drupal.org/files/issues/2885441-2.patch (2885441 - EntityReferenceAutocompleteWidget should define its size setting as an integer)
    https://www.drupal.org/files/issues/2883813-27.patch (2883813 - Move File/Image media type into Standard once Media is stable)
    https://www.drupal.org/files/issues/2877383-23.patch (2877383 - Add action support to Media module)
    https://www.drupal.org/files/issues/2862041-229.patch (2862041 - Provide useful Views filters for Content Moderation State fields)
    https://www.drupal.org/files/issues/2815221-69-8.4.x.patch (2815221 - Add quickedit to the latest-revision route)

  - Installing drupal/workbench_moderation (1.2.0): Loading from cache
  - Applying patches for drupal/workbench_moderation
    https://www.drupal.org/files/issues/2668006-2.patch (2668006 - Provide logical access control for when IPE should be applied to moderated nodes)
    https://www.drupal.org/files/issues/2847078-6.patch (2847078 - Revision tracker's dynamic table creation can break Views)
    https://www.drupal.org/files/issues/workbench_moderation-quickedit-support-2749503-6.patch (2749503 - Add basic support for Quick Edit)

  - Installing drupal/wbm2cm (dev-2.x 6300a32): Cloning 6300a32370 from cache
  - Installing drupal/views_infinite_scroll (1.5.0): Loading from cache
  - Installing drupal/video_embed_field (2.0.0-alpha2): Loading from cache
  - Installing drupal/token (1.1.0): Loading from cache
  - Installing league/event (2.1.2): Loading from cache
  - Installing lcobucci/jwt (3.2.2): Loading from cache
  - Installing defuse/php-encryption (v2.1.0): Loading from cache
  - Installing league/oauth2-server (6.1.1): Loading from cache
  - Installing drupal/consumers (1.0.0-beta2): Loading from cache
  - Installing drupal/simple_oauth (3.3.0): Loading from cache
  - Applying patches for drupal/simple_oauth
    https://www.drupal.org/files/issues/2925369-2.patch (2925369 - TokenAuthUser does not fulfill RevisionableInterface, causes fatals)

  - Installing drupal/search_api (1.7.0): Loading from cache
  - Installing drupal/inline_entity_form (1.0.0-beta1): Loading from cache
  - Installing drupal/scheduled_updates (1.0.0-alpha6): Loading from cache
  - Installing drupal/ctools (3.0.0): Loading from cache
  - Installing drupal/pathauto (1.0.0): Loading from cache
  - Installing drupal/panels (4.2.0): Loading from cache
  - Applying patches for drupal/panels
    https://www.drupal.org/files/issues/panels-ipe-2878684-3.patch (2878684 - Use String.match to correlate regions when switching Layouts in Panels IPE)
    https://www.drupal.org/files/issues/panels-ipe-propogate-errors-2825034-5.patch (2825034 - Form error messages do not appear in IPE)
    https://www.drupal.org/files/issues/2908897-2.patch (2908897 - CategoryView leaves AJAX request marked active)
    https://www.drupal.org/files/issues/2913353-2.patch (2913353 - IPE attaches behaviors a bit too quickly)
    https://www.drupal.org/files/issues/panels-ipe-date-field-2825028-10.patch (2825028 - AJAX error creating and placing blocks with date fields in IPE)

  - Installing drupal/panelizer (4.0.0): Loading from cache
  - Applying patches for drupal/panelizer
    https://www.drupal.org/files/issues/2908917-2.patch (2908917 - SaveTabView blindly assumes a Revert tab exists)

  - Installing drupal/schemata (1.0.0-alpha2): Loading from cache
  - Installing drupal/openapi (1.0.0-alpha1): Loading from cache
  - Installing drupal/metatag (1.4.0): Loading from cache
  - Installing j7mbo/twitter-api-php (1.0.6): Loading from cache
  - Installing drupal/media_entity_twitter (2.0.0-alpha2): Loading from cache
  - Installing drupal/media_entity_instagram (2.0.0-alpha1): Loading from cache
  - Applying patches for drupal/media_entity_instagram
    https://www.drupal.org/files/issues/2917454-2.patch (2917454 - Field formatter test is broken)

  - Installing drupal/entity (1.0.0-beta1): Loading from cache
  - Installing drupal/media_entity (2.0.0-alpha2): Loading from cache
  - Applying patches for drupal/media_entity
    https://www.drupal.org/files/issues/2918172-5.patch (2918172 - Media Entity upgrade -> core fails on absent column revision_uid)

  - Installing drupal/media_entity_image (dev-1.x 3264d04): Cloning 3264d04a39 from cache
  - Installing drupal/media_entity_document (dev-1.x b98ec72): Cloning b98ec72e30 from cache
  - Installing drupal/jsonapi (1.10.0): Loading from cache
  - Installing drupal/crop (2.0.0-beta1): Loading from cache
  - Applying patches for drupal/crop
    https://www.drupal.org/files/issues/2918441-beta1-packaged-info-file.patch (Make Crop API compatible with core Media)

  - Installing drupal/image_widget_crop (2.1.0): Loading from cache
  - Installing drupal/config_update (1.5.0): Loading from cache
  - Installing drupal/features (3.7.0): Loading from cache
  - Installing drupal/embed (1.0.0): Loading from cache
  - Installing drupal/entity_embed (1.0.0-beta2): Loading from cache
  - Applying patches for drupal/entity_embed
    https://www.drupal.org/files/issues/2832504-2.patch (2832504 - Send the CKEditor instance ID to the embed.preview route)

  - Installing drupal/entity_browser (2.0.0-alpha2): Loading from cache
  - Applying patches for drupal/entity_browser
    https://www.drupal.org/files/issues/entity-browser-view-context-2865928-14.patch (2865928 - The View widget should filter based on field settings)
    https://www.drupal.org/files/issues/2877751-17.patch (2877751 - Inform users how many items they can add to a field that uses an entity browser)

  - Installing drupal/entity_block (1.0.0-alpha2): Loading from cache
  - Applying patches for drupal/entity_block
    https://www.drupal.org/files/issues/entity_block-view-builder-class.patch (2844068 - Create derivatives for any viewable entity.)
    https://www.drupal.org/files/issues/2846004-2.patch (2846004 - Entity Block does not perform any access control)

  - Installing drupal/dropzonejs (2.0.0-alpha3): Loading from cache
  - Installing sunra/php-simple-html-dom-parser (v1.5.2): Loading from cache
  - Installing ezyang/htmlpurifier (v4.10.0): Loading from cache
  - Installing caxy/php-htmldiff (v0.1.6): Loading from cache
  - Installing mkalkbrenner/php-htmldiff-advanced (0.0.8): Loading from cache
  - Installing drupal/diff (1.0.0-rc1): Loading from cache
  - Installing drupal/contact_storage (1.0.0-beta9): Loading from cache
  - Installing drupal/acquia_connector (1.14.0): Loading from cache
  - Installing bower-asset/dropzone (v5.1.1): Loading from cache
  - Installing bower-asset/cropper (v2.3.4): Loading from cache
  - Installing acquia/lightning (2.2.8): Loading from cache
  - Installing drupal/cog (1.13.0): Loading from cache
  - Installing drupal/config_filter (1.1.0): Loading from cache
  - Installing drupal/config_split (1.3.0): Loading from cache
  - Installing drupal/devel (1.2.0): Loading from cache
  - Installing drupal/memcache (2.0.0-alpha5): Loading from cache
  - Installing drupal/qa_accounts (1.0.0-alpha1): Loading from cache
  - Installing drupal/seckit (1.0.0-alpha2): Loading from cache
  - Installing drupal/security_review (dev-1.x 9a3bdf8): Cloning 9a3bdf82a6 from cache
  - Installing drupal/shield (1.2.0): Loading from cache
Generating optimized autoload files
Gathering patches for root package.
Removing package drupal/core so that it can be re-installed and re-patched.
  - Removing drupal/core (8.4.5)
Deleting docroot/core - deleted
Loading composer repositories with package information
Installing dependencies from lock file
Package operations: 1 install, 0 updates, 0 removals
Gathering patches for root package.
Gathering patches for dependencies. This might take a minute.
  - Installing drupal/core (8.4.5): Loading from cache
  - Applying patches for drupal/core
    https://www.drupal.org/files/issues/2752961-90.patch (Clear Twig caches on deploys)
    https://www.drupal.org/files/issues/1356276-408--8.4.4.patch (1356276 - Allow profiles to provide a base/parent profile and load them in the correct order)
    https://www.drupal.org/files/issues/2880374-remove-experimental-warnings-6.patch (2880374 - Experimental modules should not have warnings after being installed)
    https://www.drupal.org/files/issues/2869592-remove-update-warning-7.patch (2869592 - Disabled update module shouldn't produce a status report warning)
    https://www.drupal.org/files/issues/2885441-2.patch (2885441 - EntityReferenceAutocompleteWidget should define its size setting as an integer)
    https://www.drupal.org/files/issues/2883813-27.patch (2883813 - Move File/Image media type into Standard once Media is stable)
    https://www.drupal.org/files/issues/2877383-23.patch (2877383 - Add action support to Media module)
    https://www.drupal.org/files/issues/2862041-229.patch (2862041 - Provide useful Views filters for Content Moderation State fields)
    https://www.drupal.org/files/issues/2815221-69-8.4.x.patch (2815221 - Add quickedit to the latest-revision route)

Generating optimized autoload files
PHP CodeSniffer Config installed_paths set to ../../drupal/coder/coder_sniffer/
You are using Drupal packages that are not supported by the Drupal Security Team!
  - drupal/wbm2cm:dev-2.x: Project has not opted into security advisory coverage!
  - drupal/video_embed_field:2.0.0.0-alpha2: Alpha releases are not covered by Drupal security advisories.
  - drupal/consumers:1.0.0.0-beta2: Beta releases are not covered by Drupal security advisories.
  - drupal/inline_entity_form:1.0.0.0-beta1: Beta releases are not covered by Drupal security advisories.
  - drupal/scheduled_updates:1.0.0.0-alpha6: Project has not opted into security advisory coverage!
  - drupal/schemata:1.0.0.0-alpha2: Alpha releases are not covered by Drupal security advisories.
  - drupal/schemata_json_schema:1.0.0.0-alpha2: Alpha releases are not covered by Drupal security advisories.
  - drupal/openapi:1.0.0.0-alpha1: Project has not opted into security advisory coverage!
  - drupal/media_entity_twitter:2.0.0.0-alpha2: Alpha releases are not covered by Drupal security advisories.
  - drupal/media_entity_instagram:2.0.0.0-alpha1: Alpha releases are not covered by Drupal security advisories.
  - drupal/entity:1.0.0.0-beta1: Beta releases are not covered by Drupal security advisories.
  - drupal/media_entity:2.0.0.0-alpha2: Alpha releases are not covered by Drupal security advisories.
  - drupal/media_entity_image:dev-1.x: Dev releases are not covered by Drupal security advisories.
  - drupal/media_entity_document:dev-1.x: Dev releases are not covered by Drupal security advisories.
  - drupal/crop:2.0.0.0-beta1: Beta releases are not covered by Drupal security advisories.
  - drupal/entity_embed:1.0.0.0-beta2: Beta releases are not covered by Drupal security advisories.
  - drupal/entity_browser:2.0.0.0-alpha2: Alpha releases are not covered by Drupal security advisories.
  - drupal/entity_block:1.0.0.0-alpha2: Alpha releases are not covered by Drupal security advisories.
  - drupal/dropzonejs:2.0.0.0-alpha3: Project has not opted into security advisory coverage!
  - drupal/diff:1.0.0.0-RC1: RC releases are not covered by Drupal security advisories.
  - drupal/contact_storage:1.0.0.0-beta9: Beta releases are not covered by Drupal security advisories.
  - drupal/memcache:2.0.0.0-alpha5: Alpha releases are not covered by Drupal security advisories.
  - drupal/qa_accounts:1.0.0.0-alpha1: Project has not opted into security advisory coverage!
  - drupal/seckit:1.0.0.0-alpha2: Alpha releases are not covered by Drupal security advisories.
  - drupal/security_review:dev-1.x: Dev releases are not covered by Drupal security advisories.
See https://www.drupal.org/security-advisory-policy for more information.
PHP CodeSniffer Config installed_paths set to ../../drupal/coder/coder_sniffer/
[ExecStack] Done in 01:29
Sanitizing artifact...
The deployment artifact was generated at /home/gurubaran/haanji/deploy.
Committing artifact to master-build...
Pushing artifact to git.remotes...
PHP Warning:  md5() expects parameter 1 to be string, array given in /home/gurubaran/haanji/vendor/acquia/blt/src/Robo/Commands/Deploy/DeployCommand.php on line 521
[ExecStack] git push  master-build
[ExecStack] Running git push  master-build in /home/gurubaran/haanji/deploy
fatal: The current branch master-build has no upstream branch.
To push the current branch and set the remote as upstream, use

    git push --set-upstream master-build master-build

[ExecStack]  Exit code 128  Time 0.009s
gurubaran@gurubaran:~/haanji$ cd deploy
gurubaran@gurubaran:~/haanji/deploy$ git status
On branch master-build
nothing to commit, working tree clean
gurubaran@gurubaran:~/haanji/deploy$ git remote -v
gurubaran@gurubaran:~/haanji/deploy$ git remote add origin haanji@svn-4140.devcloud.hosting.acquia.com:haanji.git
gurubaran@gurubaran:~/haanji/deploy$ git remote -v
origin	haanji@svn-4140.devcloud.hosting.acquia.com:haanji.git (fetch)
origin	haanji@svn-4140.devcloud.hosting.acquia.com:haanji.git (push)
gurubaran@gurubaran:~/haanji/deploy$ git push -u origin master-build
The authenticity of host 'svn-4140.devcloud.hosting.acquia.com (184.72.242.11)' can't be established.
RSA key fingerprint is SHA256:K06h1/Po8zJ6qtaOVOVK94EuO5ELcFBmVz37XDyFwRo.
Are you sure you want to continue connecting (yes/no)? yes
Failed to add the host to the list of known hosts (/home/gurubaran/.ssh/known_hosts).
Permission denied (publickey).
fatal: Could not read from remote repository.

Please make sure you have the correct access rights
and the repository exists.
gurubaran@gurubaran:~/haanji/deploy$ git push
fatal: The current branch master-build has no upstream branch.
To push the current branch and set the remote as upstream, use

    git push --set-upstream origin master-build

gurubaran@gurubaran:~/haanji/deploy$ git remote add origin haanji@svn-4140.devcloud.hosting.acquia.com:haanji.git
fatal: remote origin already exists.
gurubaran@gurubaran:~/haanji/deploy$ git push -u origin master-build
The authenticity of host 'svn-4140.devcloud.hosting.acquia.com (184.72.242.11)' can't be established.
RSA key fingerprint is SHA256:K06h1/Po8zJ6qtaOVOVK94EuO5ELcFBmVz37XDyFwRo.
Are you sure you want to continue connecting (yes/no)? yes
Failed to add the host to the list of known hosts (/home/gurubaran/.ssh/known_hosts).
Permission denied (publickey).
fatal: Could not read from remote repository.

Please make sure you have the correct access rights
and the repository exists.
gurubaran@gurubaran:~/haanji/deploy$ sudo ssh-agent bash -c 'ssh-add /home/gurubaran/.ssh/id_rsa; git push'
[sudo] password for gurubaran: 
Enter passphrase for /home/gurubaran/.ssh/id_rsa: 
Identity added: /home/gurubaran/.ssh/id_rsa (/home/gurubaran/.ssh/id_rsa)
fatal: The current branch master-build has no upstream branch.
To push the current branch and set the remote as upstream, use

    git push --set-upstream origin master-build

gurubaran@gurubaran:~/haanji/deploy$ git push --set-upstream origin master-build
The authenticity of host 'svn-4140.devcloud.hosting.acquia.com (184.72.242.11)' can't be established.
RSA key fingerprint is SHA256:K06h1/Po8zJ6qtaOVOVK94EuO5ELcFBmVz37XDyFwRo.
Are you sure you want to continue connecting (yes/no)? yes
Failed to add the host to the list of known hosts (/home/gurubaran/.ssh/known_hosts).
Permission denied (publickey).
fatal: Could not read from remote repository.

Please make sure you have the correct access rights
and the repository exists.
gurubaran@gurubaran:~/haanji/deploy$ sudo ssh-agent bash -c 'ssh-add /home/gurubaran/.ssh/id_rsa; git push --set-upstream origin master-build' 
Enter passphrase for /home/gurubaran/.ssh/id_rsa: 
Identity added: /home/gurubaran/.ssh/id_rsa (/home/gurubaran/.ssh/id_rsa)
Counting objects: 31472, done.
Delta compression using up to 4 threads.
Compressing objects: 100% (29142/29142), done.
Writing objects: 100% (31472/31472), 30.06 MiB | 160.00 KiB/s, done.
Total 31472 (delta 5173), reused 0 (delta 0)
remote: INFO: you are using 31912kB out of 1024000kB available.
To svn-4140.devcloud.hosting.acquia.com:haanji.git
 * [new branch]      master-build -> master-build
Branch master-build set up to track remote branch master-build from origin.
gurubaran@gurubaran:~/haanji/deploy$ ssh haanji.dev@free-7244.devcloud.hosting.acquia.com
The authenticity of host 'free-7244.devcloud.hosting.acquia.com (34.206.52.162)' can't be established.
RSA key fingerprint is SHA256:m6eONnZMO95/Q1xmwx7kdQhLhS9AE9HGGW0c/jJVFA8.
Are you sure you want to continue connecting (yes/no)? yes
Failed to add the host to the list of known hosts (/home/gurubaran/.ssh/known_hosts).
Permission denied (publickey).
gurubaran@gurubaran:~/haanji/deploy$ sudo ssh-agent bash -c 'ssh-add /home/gurubaran/.ssh/id_rsa; ssh haanji.dev@free-7244.devcloud.hosting.acquia.com'
Enter passphrase for /home/gurubaran/.ssh/id_rsa: 
Identity added: /home/gurubaran/.ssh/id_rsa (/home/gurubaran/.ssh/id_rsa)
The authenticity of host 'free-7244.devcloud.hosting.acquia.com (34.206.52.162)' can't be established.
RSA key fingerprint is SHA256:m6eONnZMO95/Q1xmwx7kdQhLhS9AE9HGGW0c/jJVFA8.
Are you sure you want to continue connecting (yes/no)? yes
Warning: Permanently added 'free-7244.devcloud.hosting.acquia.com,34.206.52.162' (RSA) to the list of known hosts.
Welcome to Acquia Cloud. For information about shell access on this
server, please see: https://docs.acquia.com/acquia-cloud/ssh

Usage may be monitored and audited.

haanji@haanji:~$ exit
logout
Connection to free-7244.devcloud.hosting.acquia.com closed.
gurubaran@gurubaran:~/haanji/deploy$ sudo ssh-agent bash -c 'ssh-add /home/gurubaran/.ssh/id_rsa; ssh haanji.dev@free-7244.devcloud.hosting.acquia.com'
Enter passphrase for /home/gurubaran/.ssh/id_rsa: 
Identity added: /home/gurubaran/.ssh/id_rsa (/home/gurubaran/.ssh/id_rsa)
Welcome to Acquia Cloud. For information about shell access on this
server, please see: https://docs.acquia.com/acquia-cloud/ssh

Usage may be monitored and audited.

haanji@haanji:~$ ls
dev  test  tmp
haanji@haanji:~$ cd dev
haanji@haanji:~/dev$ ls
backups  db_control  files  files-private  import  livedev  logs  php_sessions	sites  ssl  tmp
haanji@haanji:~/dev$ whereis haanji
haanji:
haanji@haanji:~/dev$ find haanji
find: haanji: No such file or directory
haanji@haanji:~/dev$ locate -b haanji
locate: can not open `/var/lib/mlocate/mlocate.db': Permission denied
haanji@haanji:~/dev$ whais haanji
bash: whais: command not found
haanji@haanji:~/dev$ ls
backups  db_control  files  files-private  import  livedev  logs  php_sessions	sites  ssl  tmp
haanji@haanji:~/dev$ cd livedev
haanji@haanji:~/dev/livedev$ ls
docroot
haanji@haanji:~/dev/livedev$ cd docrrot
bash: cd: docrrot: No such file or directory
haanji@haanji:~/dev/livedev$ cd docroot
haanji@haanji:~/dev/livedev/docroot$ ls
haanji@haanji:~/dev/livedev/docroot$ cd ../..
haanji@haanji:~/dev$ 

